###############################################################################
#
# IAR ELF Linker V3.11.1.207 for STM8                     18/Feb/2020  22:59:57
# Copyright 2010-2019 IAR Systems AB.
#
#    Output file  =  C:\Users\Lenovo\Desktop\stm8-lcd\Debug\Exe\lcd.out
#    Map file     =  C:\Users\Lenovo\Desktop\stm8-lcd\Debug\List\lcd.map
#    Command line =  
#        -f C:\Users\Lenovo\AppData\Local\Temp\EWFCDC.tmp
#        (C:\Users\Lenovo\Desktop\stm8-lcd\Debug\Obj\lcd.o
#        C:\Users\Lenovo\Desktop\stm8-lcd\Debug\Obj\main.o --redirect
#        _Printf=_PrintfFullNoMb --redirect _Scanf=_ScanfFullNoMb
#        --no_out_extension -o
#        C:\Users\Lenovo\Desktop\stm8-lcd\Debug\Exe\lcd.out --map
#        C:\Users\Lenovo\Desktop\stm8-lcd\Debug\List\lcd.map --config
#        "C:\Program Files (x86)\IAR Systems\Embedded Workbench
#        8.3\stm8\config\lnkstm8s003f3.icf" --config_def _CSTACK_SIZE=0x100
#        --config_def _HEAP_SIZE=0x100 --entry __iar_program_start --debug_lib)
#
###############################################################################

*******************************************************************************
*** RUNTIME MODEL ATTRIBUTES
***

__SystemLibrary            = DLib
__code_model               = small
__core                     = stm8
__data_model               = medium
__dlib_file_descriptor     = 0
__dlib_full_locale_support = 0
__rt_version               = 4


*******************************************************************************
*** PLACEMENT SUMMARY
***

"A0":  place at start of [0x000000-0x0000ff] { rw section .vregs };
"A1":  place at end of [0x000000-0x0003ff] { block CSTACK };
"P2":  place in [from 0x000000 to 0x0003ff] {
          block HEAP, rw section __DLIB_PERTHREAD, rw section .far.bss,
          rw section .far.data, rw section .far.noinit,
          rw section .far_func.textrw, rw section .huge.bss,
          rw section .huge.data, rw section .huge.noinit,
          rw section .huge_func.textrw, rw section .iar.dynexit,
          rw section .near.bss, rw section .near.data, rw section .near.noinit,
          rw section .near_func.textrw };
"A2":  place at start of [0x008000-0x009fff] { block INTVEC };
"P3":  place in [from 0x008000 to 0x009fff] {
          ro section __DLIB_PERTHREAD_init, ro section .far.data_init,
          ro section .far_func.textrw_init, ro section .huge.data_init,
          ro section .huge_func.textrw_init, ro section .iar.init_table,
          ro section .init_array, ro section .near.data_init,
          ro section .near.rodata, ro section .near_func.text,
          ro section .near_func.textrw_init, ro section .tiny.data_init,
          ro section .tiny.rodata_init };
"P4":  place in [from 0x008000 to 0x009fff] {
          ro section .far.rodata, ro section .far_func.text };
"P5":  place in [from 0x008000 to 0x009fff] {
          ro section .huge.rodata, ro section .huge_func.text };
do not initialize {
   rw section .eeprom.noinit, rw section .far.noinit, rw section .huge.noinit,
   rw section .near.noinit, rw section .tiny.noinit, rw section .vregs };

No sections matched the following patterns:

  ro section .far.data_init          in "P3-P5"
  ro section .far.rodata             in "P3-P5"
  ro section .far_func.text          in "P3-P5"
  ro section .far_func.textrw_init   in "P3-P5"
  ro section .huge.data_init         in "P3-P5"
  ro section .huge.rodata            in "P3-P5"
  ro section .huge_func.text         in "P3-P5"
  ro section .huge_func.textrw_init  in "P3-P5"
  ro section .iar.init_table         in "P3-P5"
  ro section .init_array             in "P3-P5"
  ro section .near.data_init         in "P3-P5"
  ro section .near_func.textrw_init  in "P3-P5"
  ro section .tiny.data_init         in "P3-P5"
  ro section .tiny.rodata_init       in "P3-P5"
  ro section __DLIB_PERTHREAD_init   in "P3-P5"
  rw section .far.bss                in "P2"
  rw section .far.data               in "P2"
  rw section .far.noinit             in "P2"
  rw section .far_func.textrw        in "P2"
  rw section .huge.bss               in "P2"
  rw section .huge.data              in "P2"
  rw section .huge.noinit            in "P2"
  rw section .huge_func.textrw       in "P2"
  rw section .iar.dynexit            in "P2"
  rw section .near.data              in "P2"
  rw section .near.noinit            in "P2"
  rw section .near_func.textrw       in "P2"
  rw section .tiny.bss               in "P1"
  rw section .tiny.data              in "P1"
  rw section .tiny.noinit            in "P1"
  rw section .tiny.rodata            in "P1"
  rw section __DLIB_PERTHREAD        in "P2"
  section .eeprom.data               in "P6-P8"
  section .eeprom.noinit             in "P6-P8"
  section .eeprom.rodata             in "P6-P8"


  Section          Kind      Address   Size  Object
  -------          ----      -------   ----  ------
"A0":                                  0x10
  .vregs           uninit   0x000000   0x10  vregs.o [4]
                          - 0x000010   0x10

"P2":                                   0x4
  .near.bss        zero     0x000010    0x2  main.o [1]
  .near.bss        zero     0x000012    0x2  main.o [1]
                          - 0x000014    0x4

"A1":                                 0x100
  CSTACK                    0x000300  0x100  <Block>
    CSTACK         uninit   0x000300  0x100  <Block tail>
                          - 0x000400  0x100

Absolute sections, part 1 of 5:         0x6
  .near.noinit     uninit   0x005005    0x1  main.o [1]
  .near.noinit     uninit   0x005006    0x1  main.o [1]
  .near.noinit     uninit   0x005007    0x1  main.o [1]
  .near.noinit     uninit   0x005008    0x1  main.o [1]
  .near.noinit     uninit   0x005009    0x1  main.o [1]
  .near.noinit     uninit   0x00500a    0x1  main.o [1]
                          - 0x00500b    0x6

Absolute sections, part 2 of 5:         0x2
  .near.noinit     uninit   0x00500c    0x1  main.o [1]
  .near.noinit     uninit   0x00500d    0x1  main.o [1]
                          - 0x00500e    0x2

Absolute sections, part 3 of 5:         0x1
  .near.noinit     uninit   0x00500f    0x1  main.o [1]
                          - 0x005010    0x1

Absolute sections, part 4 of 5:         0x2
  .near.noinit     uninit   0x005011    0x1  main.o [1]
  .near.noinit     uninit   0x005012    0x1  main.o [1]
                          - 0x005013    0x2

Absolute sections, part 5 of 5:         0x1
  .near.noinit     uninit   0x0050c6    0x1  main.o [1]
                          - 0x0050c7    0x1

"A2":                                  0x80
  INTVEC                    0x008000   0x80  <Block>
    .intvec        const    0x008000   0x80  interrupt.o [4]
                          - 0x008080   0x80

"P3-P5":                              0x4ed
  .near_func.text  ro code  0x008080  0x120  lcd.o [1]
  .near_func.text  ro code  0x0081a0  0x118  long.o [4]
  .near_func.text  ro code  0x0082b8   0xbf  vreg_util.o [4]
  .near_func.text  ro code  0x008377   0xa1  main.o [1]
  .near_func.text  ro code  0x008418   0x55  main.o [1]
  .near_func.text  ro code  0x00846d   0x45  main.o [1]
  .iar.init_table  const    0x0084b2    0x8  - Linker created -
  .near_func.text  ro code  0x0084ba   0x1e  init_small.o [4]
  .near_func.text  ro code  0x0084d8   0x18  dc_util.o [4]
  .near_func.text  ro code  0x0084f0   0x14  init.o [4]
  .near_func.text  ro code  0x008504   0x14  __dbg_xxexit.o [3]
  .near_func.text  ro code  0x008518   0x13  cstartup.o [4]
  .near_func.text  ro code  0x00852b   0x10  short.o [4]
  .near_func.text  ro code  0x00853b    0xc  long_util.o [4]
  .near.rodata     const    0x008547    0x8  main.o [1]
  .near.rodata     const    0x00854f    0x7  main.o [1]
  .near.rodata     const    0x008556    0x5  main.o [1]
  .near_func.text  ro code  0x00855b    0x5  cexit.o [4]
  .near_func.text  ro code  0x008560    0x3  interrupt.o [4]
  .near_func.text  ro code  0x008563    0x3  low_level_init.o [4]
  .near_func.text  ro code  0x008566    0x3  exit.o [4]
  .near_func.text  ro code  0x008569    0x3  unhandled_exception.o [4]
  .near_func.text  ro code  0x00856c    0x1  __dbg_break.o [3]
                          - 0x00856d  0x4ed


*******************************************************************************
*** INIT TABLE
***

          Address   Size
          -------   ----
Zero (__iar_zero_init2)
    1 destination range, total size 0x4:
          0x000010   0x4



*******************************************************************************
*** MODULE SUMMARY
***

    Module                 ro code  ro data  rw data  rw data
                                                       (abs)
    ------                 -------  -------  -------  -------
C:\Users\Lenovo\Desktop\stm8-lcd\Debug\Obj: [1]
    lcd.o                      288
    main.o                     315       20        4       12
    ---------------------------------------------------------
    Total:                     603       20        4       12

command line: [2]
    ---------------------------------------------------------
    Total:

dbgstm8smd.a: [3]
    __dbg_break.o                1
    __dbg_xxexit.o              20
    ---------------------------------------------------------
    Total:                      21

dlstm8smn.a: [4]
    cexit.o                      5
    cstartup.o                  19
    dc_util.o                   24
    exit.o                       3
    init.o                      20
    init_small.o                30
    interrupt.o                  3      128
    long.o                     280
    long_util.o                 12
    low_level_init.o             3
    short.o                     16
    unhandled_exception.o        3
    vreg_util.o                191
    vregs.o                                       16
    ---------------------------------------------------------
    Total:                     609      128       16

    Linker created                        8      256
-------------------------------------------------------------
    Grand Total:             1 233      156      276       12


*******************************************************************************
*** ENTRY LIST
***

Entry                    Address  Size  Type      Object
-----                    -------  ----  ----      ------
.iar.init_table$$Base   0x0084b2         --   Gb  - Linker created -
.iar.init_table$$Limit  0x0084ba         --   Gb  - Linker created -
?b0                     0x000000        Data  Gb  vregs.o [4]
?b1                     0x000001        Data  Gb  vregs.o [4]
?b10                    0x00000a        Data  Gb  vregs.o [4]
?b11                    0x00000b        Data  Gb  vregs.o [4]
?b12                    0x00000c        Data  Gb  vregs.o [4]
?b13                    0x00000d        Data  Gb  vregs.o [4]
?b14                    0x00000e        Data  Gb  vregs.o [4]
?b15                    0x00000f        Data  Gb  vregs.o [4]
?b2                     0x000002        Data  Gb  vregs.o [4]
?b3                     0x000003        Data  Gb  vregs.o [4]
?b4                     0x000004        Data  Gb  vregs.o [4]
?b5                     0x000005        Data  Gb  vregs.o [4]
?b6                     0x000006        Data  Gb  vregs.o [4]
?b7                     0x000007        Data  Gb  vregs.o [4]
?b8                     0x000008        Data  Gb  vregs.o [4]
?b9                     0x000009        Data  Gb  vregs.o [4]
?dc32_l1                0x0084d8        Code  Gb  dc_util.o [4]
?dc32_px                0x0084e5        Code  Gb  dc_util.o [4]
?dec32_0x_0x            0x0081aa        Code  Gb  long.o [4]
?dec32_l0_l0            0x0081a0        Code  Gb  long.o [4]
?dec32_l3_l3            0x0081a5        Code  Gb  long.o [4]
?e0                     0x000001        Data  Gb  vregs.o [4]
?e1                     0x000005        Data  Gb  vregs.o [4]
?e2                     0x000009        Data  Gb  vregs.o [4]
?e3                     0x00000d        Data  Gb  vregs.o [4]
?epilogue_l2            0x008318        Code  Gb  vreg_util.o [4]
?epilogue_l2_l3         0x008315        Code  Gb  vreg_util.o [4]
?l0                     0x000000        Data  Gb  vregs.o [4]
?l1                     0x000004        Data  Gb  vregs.o [4]
?l2                     0x000008        Data  Gb  vregs.o [4]
?l3                     0x00000c        Data  Gb  vregs.o [4]
?load32_l1_0x           0x00853b        Code  Gb  long_util.o [4]
?mov_e0_e1              0x00831f        Code  Gb  vreg_util.o [4]
?mov_e0_e2              0x00832c        Code  Gb  vreg_util.o [4]
?mov_e0_e3              0x008339        Code  Gb  vreg_util.o [4]
?mov_e1_e0              0x008346        Code  Gb  vreg_util.o [4]
?mov_e1_e2              0x008353        Code  Gb  vreg_util.o [4]
?mov_e2_e0              0x008360        Code  Gb  vreg_util.o [4]
?mov_e3_e0              0x00836d        Code  Gb  vreg_util.o [4]
?mov_l0_l1              0x00831c        Code  Gb  vreg_util.o [4]
?mov_l0_l2              0x008329        Code  Gb  vreg_util.o [4]
?mov_l0_l3              0x008336        Code  Gb  vreg_util.o [4]
?mov_l1_l0              0x008343        Code  Gb  vreg_util.o [4]
?mov_l1_l2              0x008350        Code  Gb  vreg_util.o [4]
?mov_l2_l0              0x00835d        Code  Gb  vreg_util.o [4]
?mov_l3_l0              0x00836a        Code  Gb  vreg_util.o [4]
?mov_w1_w3              0x008322        Code  Gb  vreg_util.o [4]
?mov_w1_w5              0x00832f        Code  Gb  vreg_util.o [4]
?mov_w1_w7              0x00833c        Code  Gb  vreg_util.o [4]
?mov_w3_w1              0x008349        Code  Gb  vreg_util.o [4]
?mov_w3_w5              0x008356        Code  Gb  vreg_util.o [4]
?mov_w5_w1              0x008363        Code  Gb  vreg_util.o [4]
?mov_w7_w1              0x008370        Code  Gb  vreg_util.o [4]
?mul32_l0_l0_0x         0x0081c1        Code  Gb  long.o [4]
?mul32_l0_l0_dl         0x0081be        Code  Gb  long.o [4]
?mul32_l0_l0_l1         0x0081ca        Code  Gb  long.o [4]
?pop_l2                 0x0082f7        Code  Gb  vreg_util.o [4]
?pop_l3                 0x008302        Code  Gb  vreg_util.o [4]
?push_l2                0x0082d0        Code  Gb  vreg_util.o [4]
?push_l3                0x0082d5        Code  Gb  vreg_util.o [4]
?push_w4                0x0082b8        Code  Gb  vreg_util.o [4]
?smod16_y_x_y           0x00852b        Code  Gb  short.o [4]
?udiv32_l0_l0_dl        0x008248        Code  Gb  long.o [4]
?udiv32_l0_l0_l1        0x00824b        Code  Gb  long.o [4]
?umod32_l1_l0_l1        0x00824b        Code  Gb  long.o [4]
?w0                     0x000000        Data  Gb  vregs.o [4]
?w1                     0x000002        Data  Gb  vregs.o [4]
?w2                     0x000004        Data  Gb  vregs.o [4]
?w3                     0x000006        Data  Gb  vregs.o [4]
?w4                     0x000008        Data  Gb  vregs.o [4]
?w5                     0x00000a        Data  Gb  vregs.o [4]
?w6                     0x00000c        Data  Gb  vregs.o [4]
?w7                     0x00000e        Data  Gb  vregs.o [4]
CSTACK$$Base            0x000300         --   Gb  - Linker created -
CSTACK$$Limit           0x000400         --   Gb  - Linker created -
Delay                   0x008080  0x1f  Code  Gb  lcd.o [1]
INTVEC$$Base            0x008000         --   Gb  - Linker created -
INTVEC$$Limit           0x008080         --   Gb  - Linker created -
InitMCU                 0x00846d  0x45  Code  Gb  main.o [1]
Region$$Table$$Base     0x0084b2         --   Gb  - Linker created -
Region$$Table$$Limit    0x0084ba         --   Gb  - Linker created -
_A_CLK_CKDIVR           0x0050c6   0x1  Data  Gb  main.o [1]
_A_PB_CR1               0x005008   0x1  Data  Gb  main.o [1]
_A_PB_CR2               0x005009   0x1  Data  Gb  main.o [1]
_A_PB_DDR               0x005007   0x1  Data  Gb  main.o [1]
_A_PB_IDR               0x005006   0x1  Data  Gb  main.o [1]
_A_PB_ODR               0x005005   0x1  Data  Gb  main.o [1]
_A_PC_CR1               0x00500d   0x1  Data  Gb  main.o [1]
_A_PC_DDR               0x00500c   0x1  Data  Gb  main.o [1]
_A_PC_ODR               0x00500a   0x1  Data  Gb  main.o [1]
_A_PD_CR1               0x005012   0x1  Data  Gb  main.o [1]
_A_PD_DDR               0x005011   0x1  Data  Gb  main.o [1]
_A_PD_ODR               0x00500f   0x1  Data  Gb  main.o [1]
__DebugBreak            0x00856c   0x1  Code  Gb  __dbg_break.o [3]
__exit                  0x008504  0x14  Code  Gb  __dbg_xxexit.o [3]
__iar_data_init2        0x0084f0  0x14  Code  Gb  init.o [4]
__iar_program_start     0x008518        Code  Gb  cstartup.o [4]
__iar_unhandled_exception
                        0x008569        Code  Gb  unhandled_exception.o [4]
__iar_zero_init2        0x0084ba        Code  Gb  init_small.o [4]
__intvec                0x008000        Data  Gb  interrupt.o [4]
__low_level_init        0x008563   0x3  Code  Gb  low_level_init.o [4]
_exit                   0x00855b        Code  Gb  cexit.o [4]
delay_ms                0x008418  0x55  Code  Gb  main.o [1]
exit                    0x008566   0x3  Code  Gb  exit.o [4]
i                       0x000010   0x2  Data  Gb  main.o [1]
j                       0x000012   0x2  Data  Gb  main.o [1]
lcd_clear               0x0080da   0xf  Code  Gb  lcd.o [1]
lcd_command             0x0080ab  0x2f  Code  Gb  lcd.o [1]
lcd_enable              0x00809f   0xc  Code  Gb  lcd.o [1]
lcd_gotoxy              0x008128  0x33  Code  Gb  lcd.o [1]
lcd_init                0x00815b  0x45  Code  Gb  lcd.o [1]
lcd_putch               0x0080e9  0x2f  Code  Gb  lcd.o [1]
lcd_puts                0x008118  0x10  Code  Gb  lcd.o [1]
main                    0x008377  0xa1  Code  Gb  main.o [1]


[1] = C:\Users\Lenovo\Desktop\stm8-lcd\Debug\Obj
[2] = command line
[3] = dbgstm8smd.a
[4] = dlstm8smn.a

  1 233 bytes of readonly  code memory
    156 bytes of readonly  data memory
    276 bytes of readwrite data memory (+ 12 absolute)

Errors: none
Warnings: none
